

================================================================
== Vivado HLS Report for 'rt_feedback'
================================================================
* Date:           Thu Oct 17 18:45:32 2019

* Version:        2016.1 (Build 1538259 on Fri Apr 08 16:12:49 MDT 2016)
* Project:        rt_feedback
* Solution:       solution1
* Product family: kintex7
* Target device:  xc7k325tffg900-2


================================================================
== Performance Estimates
================================================================
+ Timing (ns): 
    * Summary: 
    +--------+-------+----------+------------+
    |  Clock | Target| Estimated| Uncertainty|
    +--------+-------+----------+------------+
    |ap_clk  |   4.00|      2.39|        0.50|
    +--------+-------+----------+------------+

+ Latency (clock cycles): 
    * Summary: 
    +-----+--------+-----+--------+---------+
    |    Latency   |   Interval   | Pipeline|
    | min |   max  | min |   max  |   Type  |
    +-----+--------+-----+--------+---------+
    |   17|  250017|   18|  250018|   none  |
    +-----+--------+-----+--------+---------+

    + Detail: 
        * Instance: 
        N/A

        * Loop: 
        +------------------+--------+--------+----------+-----------+-----------+--------+----------+
        |                  |     Latency     | Iteration|  Initiation Interval  |  Trip  |          |
        |     Loop Name    |   min  |   max  |  Latency |  achieved |   target  |  Count | Pipelined|
        +------------------+--------+--------+----------+-----------+-----------+--------+----------+
        |- read_packet_in  |      14|      14|         3|          2|          1|       7|    yes   |
        |- Loop 2          |  250000|  250000|         1|          -|          -|  250000|    no    |
        +------------------+--------+--------+----------+-----------+-----------+--------+----------+



================================================================
== Utilization Estimates
================================================================
* Summary: 
+-----------------+---------+-------+--------+--------+
|       Name      | BRAM_18K| DSP48E|   FF   |   LUT  |
+-----------------+---------+-------+--------+--------+
|DSP              |        -|      -|       -|       -|
|Expression       |        -|      -|       0|      48|
|FIFO             |        -|      -|       -|       -|
|Instance         |        -|      -|       -|       -|
|Memory           |        -|      -|       -|       -|
|Multiplexer      |        -|      -|       -|      60|
|Register         |        -|      -|      68|       -|
+-----------------+---------+-------+--------+--------+
|Total            |        0|      0|      68|     108|
+-----------------+---------+-------+--------+--------+
|Available        |      890|    840|  407600|  203800|
+-----------------+---------+-------+--------+--------+
|Utilization (%)  |        0|      0|   ~0   |   ~0   |
+-----------------+---------+-------+--------+--------+

+ Detail: 
    * Instance: 
    N/A

    * DSP48: 
    N/A

    * Memory: 
    N/A

    * FIFO: 
    N/A

    * Expression: 
    +---------------------+----------+-------+---+----+------------+------------+
    |    Variable Name    | Operation| DSP48E| FF| LUT| Bitwidth P0| Bitwidth P1|
    +---------------------+----------+-------+---+----+------------+------------+
    |i_1_fu_111_p2        |     +    |      0|  0|   3|           3|           1|
    |j_1_fu_149_p2        |     +    |      0|  0|  18|          18|           1|
    |ap_sig_124           |    and   |      0|  0|   1|           1|           1|
    |ap_sig_85            |    and   |      0|  0|   1|           1|           1|
    |ap_sig_90            |    and   |      0|  0|   1|           1|           1|
    |exitcond1_fu_105_p2  |   icmp   |      0|  0|   2|           3|           2|
    |exitcond_fu_143_p2   |   icmp   |      0|  0|   7|          18|          15|
    |tmp_1_fu_117_p2      |   icmp   |      0|  0|   2|           3|           1|
    |tmp_2_fu_123_p2      |   icmp   |      0|  0|   2|           3|           3|
    |tmp_fu_137_p2        |   icmp   |      0|  0|  11|          32|          10|
    +---------------------+----------+-------+---+----+------------+------------+
    |Total                |          |      0|  0|  48|          83|          36|
    +---------------------+----------+-------+---+----+------------+------------+

    * Multiplexer: 
    +--------------------------------------+----+-----------+-----+-----------+
    |                 Name                 | LUT| Input Size| Bits| Total Bits|
    +--------------------------------------+----+-----------+-----+-----------+
    |ap_NS_fsm                             |   1|          6|    1|          6|
    |ap_sig_ioackin_spk_id_out_V_V_TREADY  |   1|          2|    1|          2|
    |fet_packet_spk_id_V_blk_n             |   1|          2|    1|          2|
    |i_phi_fu_82_p4                        |   3|          2|    3|          6|
    |i_reg_78                              |   3|          2|    3|          6|
    |j_reg_89                              |  18|          2|   18|         36|
    |spk_id_out_V_V_TDATA_blk_n            |   1|          2|    1|          2|
    |val_assign_fu_60                      |  32|          2|   32|         64|
    +--------------------------------------+----+-----------+-----+-----------+
    |Total                                 |  60|         20|   60|        124|
    +--------------------------------------+----+-----------+-----+-----------+

    * Register: 
    +--------------------------------------+----+----+-----+-----------+
    |                 Name                 | FF | LUT| Bits| Const Bits|
    +--------------------------------------+----+----+-----+-----------+
    |ap_CS_fsm                             |   5|   0|    5|          0|
    |ap_reg_ioackin_spk_id_out_V_V_TREADY  |   1|   0|    1|          0|
    |ap_reg_ppiten_pp0_it0                 |   1|   0|    1|          0|
    |ap_reg_ppiten_pp0_it1                 |   1|   0|    1|          0|
    |exitcond1_reg_162                     |   1|   0|    1|          0|
    |i_1_reg_166                           |   3|   0|    3|          0|
    |i_reg_78                              |   3|   0|    3|          0|
    |j_reg_89                              |  18|   0|   18|          0|
    |tmp_1_reg_171                         |   1|   0|    1|          0|
    |tmp_2_reg_175                         |   1|   0|    1|          0|
    |tmp_reg_179                           |   1|   0|    1|          0|
    |val_assign_fu_60                      |  32|   0|   32|          0|
    +--------------------------------------+----+----+-----+-----------+
    |Total                                 |  68|   0|   68|          0|
    +--------------------------------------+----+----+-----+-----------+



================================================================
== Interface
================================================================
* Summary: 
+-----------------------------+-----+-----+------------+---------------------+--------------+
|          RTL Ports          | Dir | Bits|  Protocol  |    Source Object    |    C Type    |
+-----------------------------+-----+-----+------------+---------------------+--------------+
|ap_clk                       |  in |    1| ap_ctrl_hs |     rt_feedback     | return value |
|ap_rst_n                     |  in |    1| ap_ctrl_hs |     rt_feedback     | return value |
|ap_start                     |  in |    1| ap_ctrl_hs |     rt_feedback     | return value |
|ap_done                      | out |    1| ap_ctrl_hs |     rt_feedback     | return value |
|ap_idle                      | out |    1| ap_ctrl_hs |     rt_feedback     | return value |
|ap_ready                     | out |    1| ap_ctrl_hs |     rt_feedback     | return value |
|fet_packet_spk_id_V_dout     |  in |   32|   ap_fifo  | fet_packet_spk_id_V |    pointer   |
|fet_packet_spk_id_V_empty_n  |  in |    1|   ap_fifo  | fet_packet_spk_id_V |    pointer   |
|fet_packet_spk_id_V_read     | out |    1|   ap_fifo  | fet_packet_spk_id_V |    pointer   |
|spk_id_out_V_V_TDATA         | out |   32|    axis    |    spk_id_out_V_V   |    pointer   |
|spk_id_out_V_V_TVALID        | out |    1|    axis    |    spk_id_out_V_V   |    pointer   |
|spk_id_out_V_V_TREADY        |  in |    1|    axis    |    spk_id_out_V_V   |    pointer   |
+-----------------------------+-----+-----+------------+---------------------+--------------+

